// Jest Snapshot v1, https://goo.gl/fbAQLP

exports[`ButtonComponent should render component correctly 1`] = `
<button
  class="styles__Button-sc-1x25beb-0 jeKdXn"
  type="submit"
>
  Fazer Parte
</button>
`;
