// Jest Snapshot v1, https://goo.gl/fbAQLP

exports[`Example Component should render component correctly 1`] = `
<div
  class="styles__Wrapper-sc-1ltr66t-0 kUzvNb"
>
  <h1>
    My Button
  </h1>
  <button
    type="button"
  >
    Click here
  </button>
</div>
`;
